###############################################################################
#
# IAR ELF Linker V8.50.4.261/W32 for ARM                  04/May/2022  10:59:55
# Copyright 2007-2020 IAR Systems AB.
#
#    Output file  =
#        C:\Documents\CubeMX\StarLine_project\EWARM\StarLine_project\Exe\StarLine_project.out
#    Map file     =
#        C:\Documents\CubeMX\StarLine_project\EWARM\StarLine_project\List\StarLine_project.map
#    Command line =
#        -f C:\Users\Dmitry\AppData\Local\Temp\EW7575.tmp
#        (C:\Documents\CubeMX\StarLine_project\EWARM\StarLine_project\Obj\main.o
#        C:\Documents\CubeMX\StarLine_project\EWARM\StarLine_project\Obj\my_funcs.o
#        C:\Documents\CubeMX\StarLine_project\EWARM\StarLine_project\Obj\RingBuffer.o
#        C:\Documents\CubeMX\StarLine_project\EWARM\StarLine_project\Obj\startup_stm32f103xb.o
#        C:\Documents\CubeMX\StarLine_project\EWARM\StarLine_project\Obj\stm32f1xx_hal.o
#        C:\Documents\CubeMX\StarLine_project\EWARM\StarLine_project\Obj\stm32f1xx_hal_adc.o
#        C:\Documents\CubeMX\StarLine_project\EWARM\StarLine_project\Obj\stm32f1xx_hal_adc_ex.o
#        C:\Documents\CubeMX\StarLine_project\EWARM\StarLine_project\Obj\stm32f1xx_hal_cortex.o
#        C:\Documents\CubeMX\StarLine_project\EWARM\StarLine_project\Obj\stm32f1xx_hal_crc.o
#        C:\Documents\CubeMX\StarLine_project\EWARM\StarLine_project\Obj\stm32f1xx_hal_dma.o
#        C:\Documents\CubeMX\StarLine_project\EWARM\StarLine_project\Obj\stm32f1xx_hal_exti.o
#        C:\Documents\CubeMX\StarLine_project\EWARM\StarLine_project\Obj\stm32f1xx_hal_flash.o
#        C:\Documents\CubeMX\StarLine_project\EWARM\StarLine_project\Obj\stm32f1xx_hal_flash_ex.o
#        C:\Documents\CubeMX\StarLine_project\EWARM\StarLine_project\Obj\stm32f1xx_hal_gpio.o
#        C:\Documents\CubeMX\StarLine_project\EWARM\StarLine_project\Obj\stm32f1xx_hal_gpio_ex.o
#        C:\Documents\CubeMX\StarLine_project\EWARM\StarLine_project\Obj\stm32f1xx_hal_msp.o
#        C:\Documents\CubeMX\StarLine_project\EWARM\StarLine_project\Obj\stm32f1xx_hal_pwr.o
#        C:\Documents\CubeMX\StarLine_project\EWARM\StarLine_project\Obj\stm32f1xx_hal_rcc.o
#        C:\Documents\CubeMX\StarLine_project\EWARM\StarLine_project\Obj\stm32f1xx_hal_rcc_ex.o
#        C:\Documents\CubeMX\StarLine_project\EWARM\StarLine_project\Obj\stm32f1xx_hal_tim.o
#        C:\Documents\CubeMX\StarLine_project\EWARM\StarLine_project\Obj\stm32f1xx_hal_tim_ex.o
#        C:\Documents\CubeMX\StarLine_project\EWARM\StarLine_project\Obj\stm32f1xx_hal_uart.o
#        C:\Documents\CubeMX\StarLine_project\EWARM\StarLine_project\Obj\stm32f1xx_it.o
#        C:\Documents\CubeMX\StarLine_project\EWARM\StarLine_project\Obj\system_stm32f1xx.o
#        --no_out_extension -o
#        C:\Documents\CubeMX\StarLine_project\EWARM\StarLine_project\Exe\StarLine_project.out
#        --redirect _Printf=_PrintfFullNoMb --redirect _Scanf=_ScanfFullNoMb
#        --map
#        C:\Documents\CubeMX\StarLine_project\EWARM\StarLine_project\List\StarLine_project.map
#        --config
#        C:\Documents\CubeMX\StarLine_project\EWARM/stm32f103xb_flash.icf
#        --semihosting --entry __iar_program_start --vfe --text_out locale)
#
###############################################################################

*******************************************************************************
*** RUNTIME MODEL ATTRIBUTES
***

CppFlavor       = *
__SystemLibrary = DLib
__dlib_version  = 6


*******************************************************************************
*** HEAP SELECTION
***

The basic heap was selected because some modules are built with
size limitations (and not runtime checking), and --advanced_heap
was not specified.


*******************************************************************************
*** PLACEMENT SUMMARY
***

"A0":  place at address 0x800'0000 { ro section .intvec };
"P1":  place in [from 0x800'0000 to 0x801'ffff] { ro };
define block CSTACK with size = 1K, alignment = 8 { };
define block HEAP with size = 512, alignment = 8 { };
"P2":  place in [from 0x2000'0000 to 0x2000'4fff] {
          rw, block CSTACK, block HEAP };
initialize by copy { rw };

  Section            Kind         Address    Size  Object
  -------            ----         -------    ----  ------
"A0":                                        0xec
  .intvec            ro code   0x800'0000    0xec  startup_stm32f103xb.o [1]
                             - 0x800'00ec    0xec

"P1":                                      0x2006
  .text              ro code   0x800'00ec   0x4be  stm32f1xx_hal_rcc.o [1]
  .text              ro code   0x800'05aa    0x3a  zero_init3.o [3]
  .text              ro code   0x800'05e4     0xc  stm32f1xx_hal.o [1]
  .text              ro code   0x800'05f0    0x40  stm32f1xx_hal.o [1]
  .text              ro code   0x800'0630    0xe8  stm32f1xx_hal_cortex.o [1]
  .text              ro code   0x800'0718   0x460  stm32f1xx_hal_uart.o [1]
  .text              ro code   0x800'0b78   0x16c  stm32f1xx_hal_msp.o [1]
  .text              ro code   0x800'0ce4   0x100  stm32f1xx_hal_dma.o [1]
  .text              ro code   0x800'0de4     0x2  stm32f1xx_hal_uart.o [1]
  .text              ro code   0x800'0de6     0x2  stm32f1xx_hal_uart.o [1]
  .text              ro code   0x800'0de8    0xa8  stm32f1xx_it.o [1]
  .text              ro code   0x800'0e90     0x2  stm32f1xx_hal_uart.o [1]
  .text              ro code   0x800'0e92    0x14  memset.o [3]
  .text              ro code   0x800'0ea8   0x1e2  stm32f1xx_hal_gpio.o [1]
  .text              ro code   0x800'108c    0x10  stm32f1xx_hal.o [1]
  .text              ro code   0x800'109c    0x10  stm32f1xx_hal.o [1]
  .text              ro code   0x800'10ac   0x41c  stm32f1xx_hal_tim.o [1]
  .text              ro code   0x800'14c8    0xf2  my_funcs.o [1]
  .text              ro code   0x800'15ba    0x76  RingBuffer.o [1]
  .text              ro code   0x800'1630   0x2e0  main.o [1]
  .text              ro code   0x800'1910    0x66  ABImemset.o [3]
  .text              ro code   0x800'1976     0x2  stm32f1xx_hal_tim.o [1]
  .text              ro code   0x800'1978     0x2  stm32f1xx_hal_tim.o [1]
  .text              ro code   0x800'197a     0x2  stm32f1xx_hal_tim_ex.o [1]
  .text              ro code   0x800'197c     0x2  stm32f1xx_hal_tim.o [1]
  .text              ro code   0x800'197e     0x2  stm32f1xx_hal_tim_ex.o [1]
  .text              ro code   0x800'1980     0x2  stm32f1xx_hal_tim.o [1]
  .text              ro code   0x800'1984   0x3cc  stm32f1xx_hal_adc.o [1]
  .text              ro code   0x800'1d50    0x4c  stm32f1xx_hal_crc.o [1]
  .text              ro code   0x800'1d9c    0x24  stm32f1xx_hal.o [1]
  .text              ro code   0x800'1dc0    0x64  stm32f1xx_hal_tim_ex.o [1]
  .text              ro code   0x800'1e24    0x10  stm32f1xx_hal.o [1]
  .text              ro code   0x800'1e34    0x20  stm32f1xx_hal_pwr.o [1]
  .text              ro code   0x800'1e54    0xe8  stm32f1xx_hal_rcc_ex.o [1]
  .text              ro code   0x800'1f3c    0x38  packbits_init_single.o [3]
  .text              ro code   0x800'1f74    0x28  data_init.o [3]
  .iar.init_table    const     0x800'1f9c    0x20  - Linker created -
  .text              ro code   0x800'1fbc    0x1e  cmain.o [3]
  .text              ro code   0x800'1fda     0x4  low_level_init.o [2]
  .text              ro code   0x800'1fde     0x4  exit.o [2]
  .text              ro code   0x800'1fe4     0xa  cexit.o [3]
  .text              ro code   0x800'1ff0    0x14  exit.o [4]
  .text              ro code   0x800'2004    0x14  system_stm32f1xx.o [1]
  .text              ro code   0x800'2018    0x10  startup_stm32f103xb.o [1]
  .text              ro code   0x800'2028     0xc  cstartup_M.o [3]
  .rodata            const     0x800'2034     0x8  system_stm32f1xx.o [1]
  .text              ro code   0x800'203c     0x4  startup_stm32f103xb.o [1]
  .text              ro code   0x800'2040     0x4  startup_stm32f103xb.o [1]
  .text              ro code   0x800'2044     0x4  startup_stm32f103xb.o [1]
  .text              ro code   0x800'2048     0x4  startup_stm32f103xb.o [1]
  .text              ro code   0x800'204c     0x4  startup_stm32f103xb.o [1]
  .text              ro code   0x800'2050     0x4  startup_stm32f103xb.o [1]
  .text              ro code   0x800'2054     0x4  startup_stm32f103xb.o [1]
  .text              ro code   0x800'2058     0x4  startup_stm32f103xb.o [1]
  .text              ro code   0x800'205c     0x4  startup_stm32f103xb.o [1]
  .text              ro code   0x800'2060     0x4  startup_stm32f103xb.o [1]
  .text              ro code   0x800'2064     0x4  startup_stm32f103xb.o [1]
  .text              ro code   0x800'2068     0x4  startup_stm32f103xb.o [1]
  .text              ro code   0x800'206c     0x4  startup_stm32f103xb.o [1]
  .text              ro code   0x800'2070     0x4  startup_stm32f103xb.o [1]
  .text              ro code   0x800'2074     0x4  startup_stm32f103xb.o [1]
  .text              ro code   0x800'2078     0x4  startup_stm32f103xb.o [1]
  .text              ro code   0x800'207c     0x4  startup_stm32f103xb.o [1]
  .text              ro code   0x800'2080     0x4  startup_stm32f103xb.o [1]
  .text              ro code   0x800'2084     0x4  startup_stm32f103xb.o [1]
  .text              ro code   0x800'2088     0x4  startup_stm32f103xb.o [1]
  .text              ro code   0x800'208c     0x4  startup_stm32f103xb.o [1]
  .text              ro code   0x800'2090     0x4  startup_stm32f103xb.o [1]
  .text              ro code   0x800'2094     0x4  startup_stm32f103xb.o [1]
  .text              ro code   0x800'2098     0x4  startup_stm32f103xb.o [1]
  .text              ro code   0x800'209c     0x4  startup_stm32f103xb.o [1]
  .text              ro code   0x800'20a0     0x4  startup_stm32f103xb.o [1]
  .text              ro code   0x800'20a4     0x4  startup_stm32f103xb.o [1]
  .text              ro code   0x800'20a8     0x4  startup_stm32f103xb.o [1]
  .text              ro code   0x800'20ac     0x4  startup_stm32f103xb.o [1]
  .text              ro code   0x800'20b0     0x4  startup_stm32f103xb.o [1]
  .text              ro code   0x800'20b4     0x4  startup_stm32f103xb.o [1]
  .text              ro code   0x800'20b8     0x4  startup_stm32f103xb.o [1]
  .text              ro code   0x800'20bc     0x4  startup_stm32f103xb.o [1]
  .text              ro code   0x800'20c0     0x4  startup_stm32f103xb.o [1]
  .text              ro code   0x800'20c4     0x4  startup_stm32f103xb.o [1]
  .text              ro code   0x800'20c8     0x4  startup_stm32f103xb.o [1]
  .text              ro code   0x800'20cc     0x4  startup_stm32f103xb.o [1]
  .text              ro code   0x800'20d0     0x4  startup_stm32f103xb.o [1]
  .text              ro code   0x800'20d4     0x4  startup_stm32f103xb.o [1]
  .text              ro code   0x800'20d8     0x4  startup_stm32f103xb.o [1]
  .rodata            const     0x800'20dc     0x0  zero_init3.o [3]
  .rodata            const     0x800'20dc     0x0  packbits_init_single.o [3]
  Initializer bytes  const     0x800'20dc    0x16  <for P2-1>
                             - 0x800'20f2  0x2006

"P2", part 1 of 3:                          0x194
  P2-1                        0x2000'0000   0x194  <Init block>
    .data            inited   0x2000'0000   0x184  main.o [1]
    .data            inited   0x2000'0184     0xc  stm32f1xx_hal.o [1]
    .data            inited   0x2000'0190     0x4  system_stm32f1xx.o [1]
                            - 0x2000'0194   0x194

"P2", part 2 of 3:                           0x84
  .bss               zero     0x2000'0194    0x48  main.o [1]
  .bss               zero     0x2000'01dc    0x38  my_funcs.o [1]
  .bss               zero     0x2000'0214     0x2  my_funcs.o [1]
                            - 0x2000'0216    0x82

"P2", part 3 of 3:                          0x400
  CSTACK                      0x2000'0218   0x400  <Block>
    CSTACK           uninit   0x2000'0218   0x400  <Block tail>
                            - 0x2000'0618   0x400

Unused ranges:

         From           To      Size
         ----           --      ----
   0x800'20f2   0x801'ffff  0x1'df0e
  0x2000'0618  0x2000'4fff    0x49e8


*******************************************************************************
*** INIT TABLE
***

          Address      Size
          -------      ----
Zero (__iar_zero_init3)
    1 destination range, total size 0x82:
          0x2000'0194   0x82

Copy/packbits (__iar_packbits_init_single3)
    1 source range, total size 0x16 (5% of destination):
           0x800'20dc   0x16
    1 destination range, total size 0x194:
          0x2000'0000  0x194



*******************************************************************************
*** MODULE SUMMARY
***

    Module                  ro code  ro data  rw data
    ------                  -------  -------  -------
command line/config:
    -------------------------------------------------
    Total:

C:\Documents\CubeMX\StarLine_project\EWARM\StarLine_project\Obj: [1]
    RingBuffer.o                118
    main.o                      736       21      460
    my_funcs.o                  242                58
    startup_stm32f103xb.o       412
    stm32f1xx_hal.o             160                12
    stm32f1xx_hal_adc.o         972
    stm32f1xx_hal_cortex.o      232
    stm32f1xx_hal_crc.o          76
    stm32f1xx_hal_dma.o         256
    stm32f1xx_hal_gpio.o        482
    stm32f1xx_hal_msp.o         364
    stm32f1xx_hal_pwr.o          32
    stm32f1xx_hal_rcc.o       1'214
    stm32f1xx_hal_rcc_ex.o      232
    stm32f1xx_hal_tim.o       1'060
    stm32f1xx_hal_tim_ex.o      104
    stm32f1xx_hal_uart.o      1'126
    stm32f1xx_it.o              168
    system_stm32f1xx.o           20        9        4
    -------------------------------------------------
    Total:                    8'006       30      534

dl7M_tln.a: [2]
    exit.o                        4
    low_level_init.o              4
    -------------------------------------------------
    Total:                        8

rt7M_tl.a: [3]
    ABImemset.o                 102
    cexit.o                      10
    cmain.o                      30
    cstartup_M.o                 12
    data_init.o                  40
    memset.o                     20
    packbits_init_single.o       56
    zero_init3.o                 58
    -------------------------------------------------
    Total:                      328

shb_l.a: [4]
    exit.o                       20
    -------------------------------------------------
    Total:                       20

    Gaps                         10
    Linker created                        32    1'024
-----------------------------------------------------
    Grand Total:              8'372       62    1'558


*******************************************************************************
*** ENTRY LIST
***

Entry                       Address   Size  Type      Object
-----                       -------   ----  ----      ------
.iar.init_table$$Base    0x800'1f9c          --   Gb  - Linker created -
.iar.init_table$$Limit   0x800'1fbc          --   Gb  - Linker created -
?main                    0x800'1fbd         Code  Gb  cmain.o [3]
ADC_ConversionStop_Disable
                         0x800'1d01   0x48  Code  Gb  stm32f1xx_hal_adc.o [1]
ADC_Enable               0x800'1c6f   0x6e  Code  Gb  stm32f1xx_hal_adc.o [1]
AHBPrescTable            0x800'2008   0x10  Data  Gb  system_stm32f1xx.o [1]
APBPrescTable            0x800'2034    0x8  Data  Gb  system_stm32f1xx.o [1]
BinaryPower              0x800'1585   0x18  Code  Gb  my_funcs.o [1]
BusFault_Handler         0x800'0def    0x2  Code  Gb  stm32f1xx_it.o [1]
CSTACK$$Base            0x2000'0218          --   Gb  - Linker created -
CSTACK$$Limit           0x2000'0618          --   Gb  - Linker created -
Counter6Nums             0x800'159d   0x1e  Code  Gb  my_funcs.o [1]
DebugMon_Handler         0x800'0df5    0x2  Code  Gb  stm32f1xx_it.o [1]
EXTI0_IRQHandler         0x800'0dfd   0x20  Code  Gb  stm32f1xx_it.o [1]
Error_Handler            0x800'190d    0x4  Code  Gb  main.o [1]
FillRB                   0x800'1613   0x1e  Code  Gb  RingBuffer.o [1]
FlagEnded_Tx            0x2000'0030    0x1  Data  Gb  main.o [1]
GetRBValue               0x800'15eb   0x20  Code  Gb  RingBuffer.o [1]
HAL_ADC_ConfigChannel    0x800'1b73   0xe4  Code  Gb  stm32f1xx_hal_adc.o [1]
HAL_ADC_GetValue         0x800'1b6d    0x6  Code  Gb  stm32f1xx_hal_adc.o [1]
HAL_ADC_Init             0x800'1985   0xf4  Code  Gb  stm32f1xx_hal_adc.o [1]
HAL_ADC_MspInit          0x800'0bb3   0x22  Code  Gb  stm32f1xx_hal_msp.o [1]
HAL_ADC_Start            0x800'1a79   0x50  Code  Gb  stm32f1xx_hal_adc.o [1]
HAL_CRC_Calculate        0x800'1d71   0x12  Code  Gb  stm32f1xx_hal_crc.o [1]
HAL_CRC_Init             0x800'1d51   0x20  Code  Gb  stm32f1xx_hal_crc.o [1]
HAL_CRC_MspInit          0x800'0bd5   0x22  Code  Gb  stm32f1xx_hal_msp.o [1]
HAL_DMA_Abort            0x800'0ce5   0x4a  Code  Gb  stm32f1xx_hal_dma.o [1]
HAL_DMA_Abort_IT         0x800'0d2f   0x9a  Code  Gb  stm32f1xx_hal_dma.o [1]
HAL_GPIO_EXTI_IRQHandler
                         0x800'1041   0x10  Code  Gb  stm32f1xx_hal_gpio.o [1]
HAL_GPIO_Init            0x800'0ea9  0x180  Code  Gb  stm32f1xx_hal_gpio.o [1]
HAL_GPIO_TogglePin       0x800'1031   0x10  Code  Gb  stm32f1xx_hal_gpio.o [1]
HAL_GPIO_WritePin        0x800'1029    0x8  Code  Gb  stm32f1xx_hal_gpio.o [1]
HAL_GetTick              0x800'05e5    0xc  Code  Wk  stm32f1xx_hal.o [1]
HAL_IncTick              0x800'108d   0x10  Code  Wk  stm32f1xx_hal.o [1]
HAL_Init                 0x800'1d9d   0x20  Code  Gb  stm32f1xx_hal.o [1]
HAL_InitTick             0x800'05f1   0x40  Code  Wk  stm32f1xx_hal.o [1]
HAL_MspInit              0x800'0b79   0x3a  Code  Gb  stm32f1xx_hal_msp.o [1]
HAL_NVIC_DisableIRQ      0x800'06b5   0x1e  Code  Gb  stm32f1xx_hal_cortex.o [1]
HAL_NVIC_EnableIRQ       0x800'069f   0x16  Code  Gb  stm32f1xx_hal_cortex.o [1]
HAL_NVIC_SetPriority     0x800'0665   0x3a  Code  Gb  stm32f1xx_hal_cortex.o [1]
HAL_NVIC_SetPriorityGrouping
                         0x800'064b   0x1a  Code  Gb  stm32f1xx_hal_cortex.o [1]
HAL_PWR_EnterSLEEPMode   0x800'1e35   0x1a  Code  Gb  stm32f1xx_hal_pwr.o [1]
HAL_RCCEx_PeriphCLKConfig
                         0x800'1e55   0xda  Code  Gb  stm32f1xx_hal_rcc_ex.o [1]
HAL_RCC_ClockConfig      0x800'0401   0xf4  Code  Gb  stm32f1xx_hal_rcc.o [1]
HAL_RCC_GetPCLK1Freq     0x800'0543   0x10  Code  Gb  stm32f1xx_hal_rcc.o [1]
HAL_RCC_GetPCLK2Freq     0x800'0553    0xe  Code  Gb  stm32f1xx_hal_rcc.o [1]
HAL_RCC_GetSysClockFreq
                         0x800'0509   0x3a  Code  Gb  stm32f1xx_hal_rcc.o [1]
HAL_RCC_GetSysClockFreq::aPLLMULFactorTable
                         0x800'0598   0x10  Data  Lc  stm32f1xx_hal_rcc.o [1]
HAL_RCC_GetSysClockFreq::aPredivFactorTable
                         0x800'05a8    0x2  Data  Lc  stm32f1xx_hal_rcc.o [1]
HAL_RCC_OscConfig        0x800'00ed  0x30c  Code  Gb  stm32f1xx_hal_rcc.o [1]
HAL_ResumeTick           0x800'109d   0x10  Code  Wk  stm32f1xx_hal.o [1]
HAL_SYSTICK_Config       0x800'06d3   0x28  Code  Gb  stm32f1xx_hal_cortex.o [1]
HAL_SuspendTick          0x800'1e25   0x10  Code  Wk  stm32f1xx_hal.o [1]
HAL_TIMEx_BreakCallback
                         0x800'197b    0x2  Code  Wk  stm32f1xx_hal_tim_ex.o [1]
HAL_TIMEx_CommutCallback
                         0x800'197f    0x2  Code  Wk  stm32f1xx_hal_tim_ex.o [1]
HAL_TIMEx_MasterConfigSynchronization
                         0x800'1dc1   0x56  Code  Gb  stm32f1xx_hal_tim_ex.o [1]
HAL_TIM_Base_DeInit      0x800'10c7   0x1a  Code  Gb  stm32f1xx_hal_tim.o [1]
HAL_TIM_Base_Init        0x800'10ad   0x1a  Code  Gb  stm32f1xx_hal_tim.o [1]
HAL_TIM_Base_MspDeInit   0x800'0c2b   0x1a  Code  Gb  stm32f1xx_hal_msp.o [1]
HAL_TIM_Base_MspInit     0x800'0bf7   0x34  Code  Gb  stm32f1xx_hal_msp.o [1]
HAL_TIM_Base_Start_IT    0x800'10e1   0x54  Code  Gb  stm32f1xx_hal_tim.o [1]
HAL_TIM_Base_Stop_IT     0x800'1135   0x1e  Code  Gb  stm32f1xx_hal_tim.o [1]
HAL_TIM_ConfigClockSource
                         0x800'1331   0x90  Code  Gb  stm32f1xx_hal_tim.o [1]
HAL_TIM_IRQHandler       0x800'11e9  0x142  Code  Gb  stm32f1xx_hal_tim.o [1]
HAL_TIM_PeriodElapsedCallback
                         0x800'0e31   0x42  Code  Gb  stm32f1xx_it.o [1]
HAL_UART_IRQHandler      0x800'07e9  0x20e  Code  Gb  stm32f1xx_hal_uart.o [1]
HAL_UART_Init            0x800'0719   0x1e  Code  Gb  stm32f1xx_hal_uart.o [1]
HAL_UART_MspInit         0x800'0c45   0x7e  Code  Gb  stm32f1xx_hal_msp.o [1]
HAL_UART_Transmit_IT     0x800'078f   0x42  Code  Gb  stm32f1xx_hal_uart.o [1]
HAL_UART_TxCpltCallback
                         0x800'0e29    0x8  Code  Gb  stm32f1xx_it.o [1]
HardFault_Handler        0x800'0deb    0x2  Code  Gb  stm32f1xx_it.o [1]
InitRB                   0x800'15bb    0xc  Code  Gb  RingBuffer.o [1]
MemManage_Handler        0x800'0ded    0x2  Code  Gb  stm32f1xx_it.o [1]
NMI_Handler              0x800'0de9    0x2  Code  Gb  stm32f1xx_it.o [1]
NumOfRBItems             0x800'160b    0x8  Code  Gb  RingBuffer.o [1]
PendSV_Handler           0x800'0df7    0x2  Code  Gb  stm32f1xx_it.o [1]
PutRBValue               0x800'15c7   0x24  Code  Gb  RingBuffer.o [1]
Region$$Table$$Base      0x800'1f9c          --   Gb  - Linker created -
Region$$Table$$Limit     0x800'1fbc          --   Gb  - Linker created -
RingBuffer              0x2000'0080  0x104  Data  Gb  main.o [1]
SVC_Handler              0x800'0df3    0x2  Code  Gb  stm32f1xx_it.o [1]
SysTick_Handler          0x800'0df9    0x4  Code  Gb  stm32f1xx_it.o [1]
SystemClock_Config       0x800'184d   0x6e  Code  Gb  main.o [1]
SystemCoreClock         0x2000'0190    0x4  Data  Gb  system_stm32f1xx.o [1]
SystemInit               0x800'2005    0x2  Code  Gb  system_stm32f1xx.o [1]
TIM2_IRQHandler          0x800'0e1d    0x6  Code  Gb  stm32f1xx_it.o [1]
TIM_Base_SetConfig       0x800'13eb   0x5e  Code  Gb  stm32f1xx_hal_tim.o [1]
TIM_ETR_SetConfig        0x800'14af   0x14  Code  Gb  stm32f1xx_hal_tim.o [1]
TIM_ITRx_SetConfig       0x800'149f   0x10  Code  Lc  stm32f1xx_hal_tim.o [1]
TIM_TI1_ConfigInputStage
                         0x800'145d   0x1e  Code  Lc  stm32f1xx_hal_tim.o [1]
TIM_TI2_ConfigInputStage
                         0x800'147b   0x24  Code  Lc  stm32f1xx_hal_tim.o [1]
Tim_Period_Update        0x800'18c3   0x18  Code  Gb  main.o [1]
UART_DMAAbortOnError     0x800'0a35    0xc  Code  Lc  stm32f1xx_hal_uart.o [1]
UART_EndRxTransfer       0x800'0a03   0x30  Code  Lc  stm32f1xx_hal_uart.o [1]
UART_Receive_IT          0x800'0a41   0xb8  Code  Lc  stm32f1xx_hal_uart.o [1]
UART_SetConfig           0x800'0af9   0x74  Code  Lc  stm32f1xx_hal_uart.o [1]
USART1_IRQHandler        0x800'0e23    0x6  Code  Gb  stm32f1xx_it.o [1]
UsageFault_Handler       0x800'0df1    0x2  Code  Gb  stm32f1xx_it.o [1]
__NVIC_SetPriority       0x800'0631   0x1a  Code  Lc  stm32f1xx_hal_cortex.o [1]
__aeabi_memset           0x800'1911         Code  Gb  ABImemset.o [3]
__cmain                  0x800'1fbd         Code  Gb  cmain.o [3]
__exit                   0x800'1ff1   0x14  Code  Gb  exit.o [4]
__iar_Memset             0x800'1911         Code  Gb  ABImemset.o [3]
__iar_Memset_word        0x800'1919         Code  Gb  ABImemset.o [3]
__iar_data_init3         0x800'1f75   0x28  Code  Gb  data_init.o [3]
__iar_packbits_init_single3
                         0x800'1f3d   0x38  Code  Gb  packbits_init_single.o [3]
__iar_program_start      0x800'2029         Code  Gb  cstartup_M.o [3]
__iar_zero_init3         0x800'05ab   0x3a  Code  Gb  zero_init3.o [3]
__low_level_init         0x800'1fdb    0x4  Code  Gb  low_level_init.o [2]
__vector_table           0x800'0000         Data  Gb  startup_stm32f103xb.o [1]
_call_main               0x800'1fc9         Code  Gb  cmain.o [3]
_exit                    0x800'1fe5         Code  Gb  cexit.o [3]
_main                    0x800'1fd7         Code  Gb  cmain.o [3]
conv256to50              0x800'14fd   0x1e  Code  Lc  my_funcs.o [1]
exit                     0x800'1fdf    0x4  Code  Gb  exit.o [2]
fill_buff                0x800'1543   0x32  Code  Gb  my_funcs.o [1]
fill_buff{1}{2}{3}::temp_rnd
                        0x2000'0210    0x4  Data  Lc  my_funcs.o [1]
hadc1                   0x2000'0000   0x30  Data  Gb  main.o [1]
hcrc                    0x2000'0078    0x8  Data  Gb  main.o [1]
htim2                   0x2000'0194   0x48  Data  Gb  main.o [1]
huart1                  0x2000'0034   0x44  Data  Gb  main.o [1]
init_buff                0x800'151b   0x28  Code  Gb  my_funcs.o [1]
main                     0x800'1631  0x21c  Code  Gb  main.o [1]
memset                   0x800'0e93   0x14  Code  Gb  memset.o [3]
rand_buff               0x2000'01dc   0x34  Data  Gb  my_funcs.o [1]
rand_gen                 0x800'14c9   0x34  Code  Lc  my_funcs.o [1]
rand_size               0x2000'0215    0x1  Data  Gb  my_funcs.o [1]
rand_time               0x2000'0214    0x1  Data  Gb  my_funcs.o [1]
uwTick                  0x2000'0188    0x4  Data  Gb  stm32f1xx_hal.o [1]
uwTickFreq              0x2000'0184    0x1  Data  Gb  stm32f1xx_hal.o [1]
uwTickPrio              0x2000'018c    0x4  Data  Gb  stm32f1xx_hal.o [1]


[1] = C:\Documents\CubeMX\StarLine_project\EWARM\StarLine_project\Obj
[2] = dl7M_tln.a
[3] = rt7M_tl.a
[4] = shb_l.a

  8'372 bytes of readonly  code memory
     62 bytes of readonly  data memory
  1'558 bytes of readwrite data memory

Errors: none
Warnings: none
